##gff-version 3
gi|15282445|ref|NC_000918.1|	minced:0.2.0	CRISPR	156460	156767	5	.	.	ID=CRISPR1
gi|15282445|ref|NC_000918.1|	minced:0.2.0	CRISPR	244561	244791	4	.	.	ID=CRISPR2
gi|15282445|ref|NC_000918.1|	minced:0.2.0	CRISPR	279264	279555	5	.	.	ID=CRISPR3
gi|15282445|ref|NC_000918.1|	minced:0.2.0	CRISPR	1226626	1226861	4	.	.	ID=CRISPR4
gi|15282445|ref|NC_000918.1|	minced:0.2.0	CRISPR	1379598	1379894	5	.	.	ID=CRISPR5
gi|15282445|ref|NC_000918.1|	minced:0.2.0	CRISPR	1418900	1419060	3	.	.	ID=CRISPR6
